// Vitest Snapshot v1, https://vitest.dev/guide/snapshot.html

exports[`snapshot with nothing in order 1`] = `
<DocumentFragment>
  <div
    class="order"
  >
    <h2>
      Create Order
    </h2>
    <form
      action=""
    >
      <div>
        <div>
          <label
            for="pizza-type"
          >
            Pizza Type
          </label>
          <select
            name="pizza-type"
          >
            <option
              value="pepperoni"
            >
              pizza pepperoni
            </option>
            <option
              value="hawaiian"
            >
              pizaa hawaiian
            </option>
            <option
              value="big_meat"
            />
          </select>
        </div>
        <button />
      </div>
    </form>
  </div>
</DocumentFragment>
`;
